npm warn Unknown env config "http-proxy". This will stop working in the next major version of npm.

> kleines-schaeferrad-research-page@0.1.0 check
> astro check

04:45:37 [types] Generated 47ms
04:45:37 [check] Getting diagnostics for Astro files in /workspace/scratch/b6f983c5e39e/kleines-schaeferrad...
[96mscripts/build-workbench.mjs[0m:[93m4[0m:[93m1[0m - [93mwarning[0m[90m ts(6133): [0m'T' is declared but its value is never read.

[7m4[0m import * as T from 'three';
[7m [0m [93m~~~~~~~~~~~~~~~~~~~~~~~~~~~[0m

[96mscripts/export-calibration.mjs[0m:[93m5[0m:[93m24[0m - [93mwarning[0m[90m ts(6133): [0m'cfg' is declared but its value is never read.

[7m5[0m import {referenceKumpf,cfg,calibratedCycle} from '../src/workbench/calibration.mjs';
[7m [0m [93m                       ~~~[0m

[96mtests/ux-recovery/browser-audit.mjs[0m:[93m3[0m:[93m1[0m - [93mwarning[0m[90m ts(6133): [0m'path' is declared but its value is never read.

[7m3[0m import path from 'node:path';
[7m [0m [93m~~~~~~~~~~~~~~~~~~~~~~~~~~~~~[0m

[96mtests/ux-recovery/followup.mjs[0m:[93m2[0m:[93m26[0m - [93mwarning[0m[90m ts(6133): [0m'crypto' is declared but its value is never read.

[7m2[0m import fs from 'node:fs';import crypto from 'node:crypto';import {pathToFileURL} from 'node:url';
[7m [0m [93m                         ~~~~~~~~~~~~~~~~~~~~~~~~~~~~~~~~~[0m

[96mtmp/repro/debug.mjs[0m:[93m10[0m:[93m7[0m - [93mwarning[0m[90m ts(6133): [0m'results' is declared but its value is never read.

[7m10[0m const results={date:new Date().toISOString(),type:'automated-simulated-field-test',physical_users:0,real_iphone_test:false,checks:[],errors:[]};
[7m  [0m [93m      ~~~~~~~[0m
[96mtmp/repro/debug.mjs[0m:[93m5[0m:[93m1[0m - [93mwarning[0m[90m ts(6133): [0m'assert' is declared but its value is never read.

[7m5[0m import assert from 'node:assert/strict';
[7m [0m [93m~~~~~~~~~~~~~~~~~~~~~~~~~~~~~~~~~~~~~~~~[0m
[96mtmp/repro/debug.mjs[0m:[93m1[0m:[93m18[0m - [93mwarning[0m[90m ts(6133): [0m'devices' is declared but its value is never read.

[7m1[0m import {chromium,devices} from 'playwright';
[7m [0m [93m                 ~~~~~~~[0m

Result (51 files): 
- 0 errors
- 0 warnings
- 7 hints

