2026-10-09T20:33:50.5110096Z ##[endgroup]
2026-10-09T20:34:51.4305491Z node:internal/modules/run_main:107
2026-10-09T20:34:51.4305816Z     triggerUncaughtException(
2026-10-09T20:34:51.4306038Z     ^
2026-10-09T20:34:51.4306129Z 
2026-10-09T20:34:51.4308169Z page.waitForFunction: Timeout 60000ms exceeded.
2026-10-09T20:34:51.4308711Z     at /home/runner/work/kleines-schaeferrad/kleines-schaeferrad/tests/browser-field.mjs:14:392 {
2026-10-09T20:34:51.4309087Z   log: [],
2026-10-09T20:34:51.4309253Z   name: 'TimeoutError'
2026-10-09T20:34:51.4309433Z }
2026-10-09T20:34:51.4309518Z 
2026-10-09T20:34:51.4309590Z Node.js v24.21.0
2026-10-09T20:34:51.4418746Z ##[error]Process completed with exit code 1.
2026-10-09T20:34:51.4475240Z ##[group]Run actions/upload-artifact@v4
2026-10-09T20:34:51.4475460Z with:
2026-10-09T20:34:51.4475630Z   name: field-workbench-test-evidence
2026-10-09T20:34:51.4475841Z   path: test-results/
2026-10-09T20:34:51.4476020Z   if-no-files-found: warn
2026-10-09T20:34:51.4476200Z   compression-level: 6
2026-10-09T20:34:51.4476367Z   overwrite: false
2026-10-09T20:34:51.4476534Z   include-hidden-files: false
2026-10-09T20:34:51.4476716Z env:
2026-10-09T20:34:51.4476910Z   pythonLocation: /opt/hostedtoolcache/Python/3.12.15/x64
2026-10-09T20:34:51.4477238Z   PKG_CONFIG_PATH: /opt/hostedtoolcache/Python/3.12.15/x64/lib/pkgconfig
2026-10-09T20:34:51.4477558Z   Python_ROOT_DIR: /opt/hostedtoolcache/Python/3.12.15/x64
2026-10-09T20:34:51.4477845Z   Python2_ROOT_DIR: /opt/hostedtoolcache/Python/3.12.15/x64
2026-10-09T20:34:51.4478133Z   Python3_ROOT_DIR: /opt/hostedtoolcache/Python/3.12.15/x64
