2026-10-09T21:23:39.9602665Z ##[endgroup]
2026-10-09T21:23:55.8158969Z node:internal/modules/run_main:107
2026-10-09T21:23:55.8159663Z     triggerUncaughtException(
2026-10-09T21:23:55.8160132Z     ^
2026-10-09T21:23:55.8160365Z 
2026-10-09T21:23:55.8161119Z AssertionError [ERR_ASSERTION]: paused operation keeps rendering
2026-10-09T21:23:55.8162488Z 
2026-10-09T21:23:55.8162649Z 38 !== 36
2026-10-09T21:23:55.8162838Z 
2026-10-09T21:23:55.8163540Z     at file:///home/runner/work/kleines-schaeferrad/kleines-schaeferrad/tests/browser-integration.mjs:38:72 {
2026-10-09T21:23:55.8164459Z   generatedMessage: false,
2026-10-09T21:23:55.8164871Z   code: 'ERR_ASSERTION',
2026-10-09T21:23:55.8165243Z   actual: 38,
2026-10-09T21:23:55.8165576Z   expected: 36,
2026-10-09T21:23:55.8165933Z   operator: 'strictEqual',
2026-10-09T21:23:55.8166318Z   diff: 'simple'
2026-10-09T21:23:55.8166647Z }
2026-10-09T21:23:55.8166808Z 
2026-10-09T21:23:55.8166948Z Node.js v24.21.0
2026-10-09T21:23:55.8278933Z ##[error]Process completed with exit code 1.
2026-10-09T21:23:55.8365340Z ##[group]Run actions/upload-artifact@v4
2026-10-09T21:23:55.8365657Z with:
2026-10-09T21:23:55.8365918Z   name: field-workbench-test-evidence-integration
2026-10-09T21:23:55.8366247Z   path: test-results/
2026-10-09T21:23:55.8366498Z   if-no-files-found: warn
2026-10-09T21:23:55.8366743Z   compression-level: 6
2026-10-09T21:23:55.8366966Z   overwrite: false
