npm warn Unknown env config "http-proxy". This will stop working in the next major version of npm.

> kleines-schaeferrad-research-page@0.1.0 build
> npm run prepare:workbench && npm run prepare:field && astro build && node scripts/build-offline.mjs

npm warn Unknown env config "http-proxy". This will stop working in the next major version of npm.

> kleines-schaeferrad-research-page@0.1.0 prepare:workbench
> node scripts/build-workbench.mjs

Prepared original evidence including all 19 new sources and 11 technical sheets.
npm warn Unknown env config "http-proxy". This will stop working in the next major version of npm.

> kleines-schaeferrad-research-page@0.1.0 prepare:field
> node scripts/build-field-sketches.mjs && python scripts/build-field-pack.py

Verified shared technical projection set: 11
Generated 11 A3 technical sheets, 2 A4 route pages and 8 evidence-based field visuals.
05:17:15 [types] Generated 56ms
05:17:15 [build] output: "static"
05:17:15 [build] mode: "static"
05:17:15 [build] directory: /workspace/scratch/76c42abe455b/kleines-schaeferrad/dist/
05:17:15 [build] Collecting build info...
05:17:15 [build] ✓ Completed in 104ms.
05:17:15 [build] Building static entrypoints...
05:17:15 [vite] ✓ built in 318ms
05:17:16 [WARN] [vite] [plugin builtin:vite-reporter] 
(!) Some chunks are larger than 500 kB after minification. Consider:
- Using dynamic import() to code-split the application
- Use build.rolldownOptions.output.codeSplitting to improve chunking: https://rolldown.rs/reference/OutputOptions.codeSplitting
- Adjust chunk size limit for this warning via build.chunkSizeWarningLimit.
05:17:16 [vite] ✓ built in 377ms
05:17:16 [build] Rearranging server assets...

 generating static routes 
05:17:16   ├─ /feld/index.html (+9ms) 
05:17:16   ├─ /werkstatt/index.html (+2ms) 
05:17:16   ├─ /index.html (+8ms) 
05:17:16 ✓ Completed in 31ms.

 generating optimized images 
05:17:16   ▶ /_astro/IMG_6858.BpdSKe7f_ZSXckl.webp (reused cache entry) (+1ms) (1/3)
05:17:16   ▶ /_astro/IMG_6858.BpdSKe7f_PPje9.webp (reused cache entry) (+1ms) (2/3)
05:17:16   ▶ /_astro/IMG_6858.BpdSKe7f_6R4o5.webp (reused cache entry) (+0ms) (3/3)
05:17:16 ✓ Completed in 3ms.

05:17:16 [build] ✓ Completed in 786ms.
05:17:16 [build] 3 page(s) built in 920ms
05:17:16 [build] Complete!
Offline shell: 193 files, 130999689 bytes
